03:26:27 **** Incremental Build of configuration Debug for project Hello_EXTI ****
make all 
Building file: ../src/main.c
Invoking: Cross ARM GNU C Compiler
arm-none-eabi-gcc -mcpu=cortex-m4 -mthumb -mfloat-abi=soft -Og -fmessage-length=0 -fsigned-char -ffunction-sections -fdata-sections -ffreestanding -fno-move-loop-invariants -Wall -Wextra  -g3 -DDEBUG -DUSE_FULL_ASSERT -DTRACE -DOS_USE_TRACE_SEMIHOSTING_DEBUG -DSTM32F401xC -DUSE_HAL_DRIVER -DHSE_VALUE=25000000 -I"../include" -I"../system/include" -I"../system/include/cmsis" -I"../system/include/stm32f4-hal" -std=gnu11 -MMD -MP -MF"src/main.d" -MT"src/main.o" -c -o "src/main.o" "../src/main.c"
../src/main.c: In function 'main':
../src/main.c:29:2: warning: implicit declaration of function 'MGPIO_voidSetPinOutputSpeed'; did you mean 'MGPIO_voidSetPortOutputSpeed'? [-Wimplicit-function-declaration]
  MGPIO_voidSetPinOutputSpeed(GPIO_PORTA, GPIO_PIN1, GPIO_LOW_SPEED);
  ^~~~~~~~~~~~~~~~~~~~~~~~~~~
  MGPIO_voidSetPortOutputSpeed
Finished building: ../src/main.c
 
Building target: Hello_EXTI.elf
Invoking: Cross ARM GNU C++ Linker
arm-none-eabi-g++ -mcpu=cortex-m4 -mthumb -mfloat-abi=soft -Og -fmessage-length=0 -fsigned-char -ffunction-sections -fdata-sections -ffreestanding -fno-move-loop-invariants -Wall -Wextra  -g3 -T mem.ld -T libs.ld -T sections.ld -nostartfiles -Xlinker --gc-sections -L"../ldscripts" -Wl,-Map,"Hello_EXTI.map" --specs=nano.specs -o "Hello_EXTI.elf"  ./system/src/stm32f4-hal/stm32f4xx_hal.o ./system/src/stm32f4-hal/stm32f4xx_hal_cortex.o ./system/src/stm32f4-hal/stm32f4xx_hal_dfsdm.o ./system/src/stm32f4-hal/stm32f4xx_hal_flash.o ./system/src/stm32f4-hal/stm32f4xx_hal_gpio.o ./system/src/stm32f4-hal/stm32f4xx_hal_iwdg.o ./system/src/stm32f4-hal/stm32f4xx_hal_pwr.o ./system/src/stm32f4-hal/stm32f4xx_hal_rcc.o  ./system/src/newlib/_cxx.o ./system/src/newlib/_exit.o ./system/src/newlib/_sbrk.o ./system/src/newlib/_startup.o ./system/src/newlib/_syscalls.o ./system/src/newlib/assert.o  ./system/src/diag/Trace.o ./system/src/diag/trace_impl.o  ./system/src/cortexm/_initialize_hardware.o ./system/src/cortexm/_reset_hardware.o ./system/src/cortexm/exception_handlers.o  ./system/src/cmsis/system_stm32f4xx.o ./system/src/cmsis/vectors_stm32f401xc.o  ./src/EXTI_program.o ./src/GPIO_program.o ./src/NVIC_program.o ./src/RCC_program.o ./src/_initialize_hardware.o ./src/main.o ./src/stm32f4xx_hal_msp.o   
Finished building target: Hello_EXTI.elf
 
Invoking: Cross ARM GNU Create Flash Image
arm-none-eabi-objcopy -O ihex "Hello_EXTI.elf"  "Hello_EXTI.hex"
Finished building: Hello_EXTI.hex
 
Invoking: Cross ARM GNU Print Size
arm-none-eabi-size --format=berkeley "Hello_EXTI.elf"
   text	   data	    bss	    dec	    hex	filename
   8395	    160	    484	   9039	   234f	Hello_EXTI.elf
Finished building: Hello_EXTI.siz
 

03:26:27 Build Finished (took 520ms)

